---
source: crates/galera-core/src/codegen/text.rs
expression: "plain(\"= No es un título\\nPrecio: 50$ *sin* IVA #descuento\\n\\n- tampoco es una lista\\nhttps://ejemplo.es // sin comentario ~ con tilde\")"
---
// Generado por Galera a partir de document.json.
// No editar a mano: este archivo se reescribe entero en cada compilación.
#set page(width: 210mm, height: 297mm, margin: 0pt)

// p1
#place(top + left, dx: 20mm, dy: 30mm)[#block(width: 170mm, { set text(font: "Inter", size: 28pt, fill: rgb("#1F2733")); set par(leading: 0.65em); align(left)[\= No es un título#linebreak();Precio: 50\$ \*sin\* IVA \#descuento#parbreak();\- tampoco es una lista#linebreak();https:\/\/ejemplo.es \/\/ sin comentario \~ con tilde] })] <el-t1>
