---
source: crates/galera-core/src/codegen/code.rs
expression: "generate_with(\"#table(\\n  columns: 2,\\n  [*Concepto*], [*Importe*],\\n  [Cuota \\\"anual\\\"], [120 €],\\n)\",\n\"40\")"
---
// Generado por Galera a partir de document.json.
// No editar a mano: este archivo se reescribe entero en cada compilación.
#set page(width: 210mm, height: 297mm, margin: 0pt)

// p1
#place(top + left, dx: 20mm, dy: 200mm)[#block(width: 170mm, height: 40mm, eval("#table(\n  columns: 2,\n  [*Concepto*], [*Importe*],\n  [Cuota \"anual\"], [120 €],\n)", mode: "markup"))] <el-c1>
#place(top + left, dx: 0mm, dy: 0mm)[#rect(width: 10mm, height: 10mm, fill: none, stroke: none)] <el-r1>
